// Jest Snapshot v1, https://goo.gl/fbAQLP

exports[`Component <CompanyReviewModal/> renders CompanyReviewModal 1`] = `<DocumentFragment />`;
