// Jest Snapshot v1, https://goo.gl/fbAQLP

exports[`<ReportModal /> Component render 1`] = `<DocumentFragment />`;
