// Jest Snapshot v1, https://goo.gl/fbAQLP

exports[`Component <Reviews/> renders Reviews 1`] = `
<DocumentFragment>
  <div>
    Loading...
  </div>
</DocumentFragment>
`;
