// Jest Snapshot v1, https://goo.gl/fbAQLP

exports[`component <ReviewTheApplicantModal/> renders ReviewTheApplicantModal 1`] = `
<DocumentFragment>
  <div />
</DocumentFragment>
`;
