// Jest Snapshot v1, https://goo.gl/fbAQLP

exports[`component <ReviewApplicationProcessModal/> renders ReviewApplicationProcessModal 1`] = `
<DocumentFragment>
  <div />
</DocumentFragment>
`;
