// Jest Snapshot v1, https://goo.gl/fbAQLP

exports[`Component <ReviewTheApplicantForm/> renders ReviewTheApplicantForm 1`] = `
<DocumentFragment>
  <div>
    <div
      class="MuiGrid-root MuiGrid-item MuiGrid-grid-md-12 css-oav0mg-MuiGrid-root"
    >
      <button
        class="MuiButton-root MuiButton-text MuiButton-textPrimary MuiButton-sizeMedium MuiButton-textSizeMedium MuiButtonBase-root  css-1e6y48t-MuiButtonBase-root-MuiButton-root"
        tabindex="0"
        type="button"
      >
        Review the applicant 
        <span
          class="MuiTouchRipple-root css-8je8zh-MuiTouchRipple-root"
        />
      </button>
    </div>
    <div />
  </div>
</DocumentFragment>
`;
