// Jest Snapshot v1, https://goo.gl/fbAQLP

exports[`<SendModal /> render Component 1`] = `<DocumentFragment />`;
